Run finished Sat 05/30/2026 11:17:57.20 
Run finished Mon 06/01/2026  6:39:27.73 
Run finished Tue 06/02/2026  6:05:10.48 
Run finished Wed 06/03/2026  9:22:12.96 
Run finished Thu 06/04/2026  6:06:53.28 
Run finished Sun 06/07/2026 17:41:50.67 
Run finished Mon 06/08/2026  7:19:16.11 
Run finished Tue 06/09/2026  6:45:49.78 
Run finished Tue 06/23/2026  8:04:53.43 
Run finished Wed 06/24/2026  6:01:16.60 
Run finished Fri 06/26/2026  8:03:24.95 
Run finished Sat 06/27/2026  6:01:20.95 
Run finished Sun 06/28/2026 18:11:31.61 
Run finished Mon 06/29/2026  8:16:42.22 
Run finished Tue 06/30/2026  6:01:22.03 
Run finished Wed 07/01/2026  6:01:26.01 
Run finished Thu 07/02/2026  6:00:03.16 
Run finished Fri 07/03/2026  8:17:23.31 
Run finished Mon 07/06/2026  9:55:41.97 
Run finished Tue 07/07/2026  6:01:26.14 
Run finished Wed 07/08/2026  6:01:33.02 
Run finished Thu 07/09/2026  6:01:31.96 
Run finished Fri 07/10/2026  6:01:29.36 
Run finished Mon 07/13/2026 16:12:38.72 
Run finished Tue 07/14/2026  6:01:30.38 
Run finished Mon 07/27/2026 19:08:49.17 
Run finished Tue 07/28/2026  7:21:55.33 
Run finished Wed 07/29/2026  6:01:44.74 
Run finished Thu 07/30/2026  6:01:41.00 
Run finished Fri 07/31/2026 10:39:43.94 
Run finished Sat 08/01/2026 10:20:36.18 
Run finished Sun 08/02/2026  6:01:41.15 
Run finished Mon 08/03/2026  6:01:45.16 
Run finished Tue 08/04/2026  6:01:44.89 
Run finished Wed 08/05/2026  6:01:42.58 
Run finished Thu 08/06/2026  6:01:49.21 
Run finished Fri 08/07/2026  6:01:47.79 
Run finished Sat 08/08/2026  6:01:47.84 
Run finished Sun 08/09/2026  6:01:46.05 
Run finished Mon 08/10/2026  7:47:35.88 
Run finished Tue 08/11/2026  8:52:16.18 
Run finished Thu 08/13/2026  6:01:52.75 
Run finished Sun 08/16/2026 18:32:05.34 
Run finished Mon 08/17/2026  6:01:49.70 
Run finished Tue 08/18/2026  6:01:52.89 
Run finished Wed 08/19/2026  6:01:59.00 
Run finished Thu 08/20/2026  6:02:05.61 
Run finished Fri 08/21/2026  6:01:59.78 
Run finished Sat 08/22/2026  6:02:00.88 
Run finished Sun 08/23/2026  6:02:04.17 
Run finished Mon 08/24/2026  6:02:07.10 
Run finished Wed 08/26/2026  6:00:04.32 
Run finished Thu 08/27/2026  6:00:05.25 
Run finished Fri 08/28/2026  8:50:23.47 
Run finished Sat 08/29/2026  6:02:01.90 
Run finished Sun 08/30/2026 19:38:14.80 
Run finished Mon 08/31/2026  6:02:05.40 
Run finished Tue 09/01/2026  6:01:58.26 
Run finished Wed 09/02/2026  8:40:11.87 
Run finished Thu 09/03/2026  8:13:21.78 
